>>>>>.print tran v(1) a(foo) 
>>>>>.tran 0 1 .1 
#Time       v(1)       a(foo)    
 0.         0.         0.        
 0.1        0.58779    0.58779   
 0.2        0.95106    0.95106   
 0.3        0.95106    0.95106   
 0.4        0.58779    0.58779   
 0.5        0.         0.        
 0.6       -0.58779    0.58779   
 0.7       -0.95106    0.95106   
 0.8       -0.95106    0.95106   
 0.9       -0.58779    0.58779   
 1.         0.         145.5E-18 
>>>>>.status notime 
Gnucap   System status
iterations: op=0, dc=0, tran=41, fourier=0, total=55
transient timesteps: accepted=14, rejected=0, total=14
nodes: user=1, subckt=0, model=0, total=1
dctran density=100.0%, ac density=100.0%
>>>>>.end 
