#Time     v(nin)   v(m1.mid)
 0.       0.       0.      
 1.       0.       0.      
 2.       0.333    0.167   
 3.       0.667    0.333   
 4.       1.       0.5     
 5.       1.       0.5     
 6.       1.       0.5     
 7.       1.       0.5     
 8.       0.5      0.25    
 9.       0.       0.      
 10.      0.       0.      
