.GEOMOD =0
 ^ ? nmosHACK: bad parameter GEOMOD ignored
.RGEOMOD =0
 ^ ? nmosHACK: bad parameter RGEOMOD ignored
.sca= 0
 ^ ? nmosHACK: bad parameter sca ignored
.scb= 0
 ^ ? nmosHACK: bad parameter scb ignored
.scc= 0
 ^ ? nmosHACK: bad parameter scc ignored
.sc= 0
 ^ ? nmosHACK: bad parameter sc ignored
.GEOMOD  = 0
 ^ ? pmosHACK: bad parameter GEOMOD ignored
.RGEOMOD = 0
 ^ ? pmosHACK: bad parameter RGEOMOD ignored
.RGATEMOD= 0
 ^ ? pmosHACK: bad parameter RGATEMOD ignored
.RBODYMOD= 0
 ^ ? pmosHACK: bad parameter RBODYMOD ignored
.TNOIA   = 0
 ^ ? pmosHACK: bad parameter TNOIA ignored
.TNOIB   = 0
 ^ ? pmosHACK: bad parameter TNOIB ignored
.TNOIC   = 0
 ^ ? pmosHACK: bad parameter TNOIC ignored
.RNOIA   = 0.577
 ^ ? pmosHACK: bad parameter RNOIA ignored
.RNOIB   = 0.5164
 ^ ? pmosHACK: bad parameter RNOIB ignored
.RNOIC   = 0.395
 ^ ? pmosHACK: bad parameter RNOIC ignored
.XGW     = 0
 ^ ? pmosHACK: bad parameter XGW ignored
.XGL     = 0
 ^ ? pmosHACK: bad parameter XGL ignored
.GBMIN   = 1E-012
 ^ ? pmosHACK: bad parameter GBMIN ignored
.RSHG    = 0.1
 ^ ? pmosHACK: bad parameter RSHG ignored
.RBPB    = 50
 ^ ? pmosHACK: bad parameter RBPB ignored
.RBPD    = 50
 ^ ? pmosHACK: bad parameter RBPD ignored
.RBPS    = 50
 ^ ? pmosHACK: bad parameter RBPS ignored
.RBDB    = 50
 ^ ? pmosHACK: bad parameter RBDB ignored
.RBSB    = 50
 ^ ? pmosHACK: bad parameter RBSB ignored
.RBPS0   = 50
 ^ ? pmosHACK: bad parameter RBPS0 ignored
.RBPSL   = 0
 ^ ? pmosHACK: bad parameter RBPSL ignored
.RBPSW   = 0
 ^ ? pmosHACK: bad parameter RBPSW ignored
.RBPSNF  = 0
 ^ ? pmosHACK: bad parameter RBPSNF ignored
.RBPD0   = 50
 ^ ? pmosHACK: bad parameter RBPD0 ignored
.RBPDL   = 0
 ^ ? pmosHACK: bad parameter RBPDL ignored
.RBPDW   = 0
 ^ ? pmosHACK: bad parameter RBPDW ignored
.RBPDNF  = 0
 ^ ? pmosHACK: bad parameter RBPDNF ignored
.RBPBX0  = 100
 ^ ? pmosHACK: bad parameter RBPBX0 ignored
.RBPBXL  = 0
 ^ ? pmosHACK: bad parameter RBPBXL ignored
.RBPBXW  = 0
 ^ ? pmosHACK: bad parameter RBPBXW ignored
.RBPBXNF = 0
 ^ ? pmosHACK: bad parameter RBPBXNF ignored
.RBPBY0  = 100
 ^ ? pmosHACK: bad parameter RBPBY0 ignored
.RBPBYL  = 0
 ^ ? pmosHACK: bad parameter RBPBYL ignored
.RBPBYW  = 0
 ^ ? pmosHACK: bad parameter RBPBYW ignored
.RBPBYNF = 0
 ^ ? pmosHACK: bad parameter RBPBYNF ignored
.RBSBX0  = 100
 ^ ? pmosHACK: bad parameter RBSBX0 ignored
.RBSBY0  = 100
 ^ ? pmosHACK: bad parameter RBSBY0 ignored
.RBDBX0  = 100
 ^ ? pmosHACK: bad parameter RBDBX0 ignored
.RBDBY0  = 100
 ^ ? pmosHACK: bad parameter RBDBY0 ignored
.RBSDBXL = 0
 ^ ? pmosHACK: bad parameter RBSDBXL ignored
.RBSDBXW = 0
 ^ ? pmosHACK: bad parameter RBSDBXW ignored
.RBSDBXNF= 0
 ^ ? pmosHACK: bad parameter RBSDBXNF ignored
.RBSDBYL = 0
 ^ ? pmosHACK: bad parameter RBSDBYL ignored
.RBSDBYW = 0
 ^ ? pmosHACK: bad parameter RBSDBYW ignored
.RBSDBYNF= 0
 ^ ? pmosHACK: bad parameter RBSDBYNF ignored
.XRCRG1  = 12
 ^ ? pmosHACK: bad parameter XRCRG1 ignored
.XRCRG2  = 1
 ^ ? pmosHACK: bad parameter XRCRG2 ignored
.NGCON   = 1
 ^ ? pmosHACK: bad parameter NGCON ignored
.VFBSDOFF= 0
 ^ ? pmosHACK: bad parameter VFBSDOFF ignored
.SCA     = 0
 ^ ? pmosHACK: bad parameter SCA ignored
.SCB     = 0
 ^ ? pmosHACK: bad parameter SCB ignored
.SCC     = 0
 ^ ? pmosHACK: bad parameter SCC ignored
.SC      = 0
 ^ ? pmosHACK: bad parameter SC ignored
.SA      = 0
 ^ ? pmosHACK: bad parameter SA ignored
.SB      = 0
 ^ ? pmosHACK: bad parameter SB ignored
.SD      = 0
 ^ ? pmosHACK: bad parameter SD ignored
.ic  1=1
 ^ ? ic: no match
#Time       v(1)      
did not converge
 0.         0.0080556 
 20.E-9     0.0080556 
 40.E-9     0.0080542 
 60.E-9     0.0080614 
 80.E-9     0.0080506 
 100.E-9    0.0080251 
 120.E-9    0.0081416 
 140.E-9    0.0081639 
 160.E-9    0.0069881 
 180.E-9    0.0086748 
 200.E-9    0.016029  
 220.E-9   -0.018158  
 240.E-9   -0.043431  
 260.E-9    0.3259    
 280.E-9    0.66252   
 300.E-9    0.83507   
 320.E-9    0.88282   
 340.E-9    0.95426   
 360.E-9    0.97855   
 380.E-9    0.99003   
 400.E-9    0.99679   
 420.E-9    0.99736   
 440.E-9    0.99907   
 460.E-9    0.99936   
 480.E-9    0.9996    
 500.E-9    0.99977   
 520.E-9    0.99977   
 540.E-9    0.99982   
 560.E-9    0.99982   
 580.E-9    0.99982   
 600.E-9    0.99984   
 620.E-9    0.99984   
 640.E-9    0.99964   
 660.E-9    1.        
 680.E-9    1.0011    
 700.E-9    0.99476   
 720.E-9    0.99403   
 740.E-9    1.0471    
 760.E-9    0.91225   
 780.E-9    0.40748   
 800.E-9    0.056606  
 820.E-9    0.044514  
 840.E-9    0.026332  
 860.E-9    0.012594  
 880.E-9    0.01702   
 900.E-9    0.0088663 
 920.E-9    0.0094717 
 940.E-9    0.0085148 
 960.E-9    0.0080691 
 980.E-9    0.0082702 
 1.E-6      0.0080377 
 1.02E-6    0.0080957 
 1.04E-6    0.0080644 
 1.06E-6    0.0080542 
 1.08E-6    0.0080652 
 1.1E-6     0.0080514 
 1.12E-6    0.0080274 
 1.14E-6    0.0081344 
 1.16E-6    0.0081778 
 1.18E-6    0.0069995 
 1.2E-6     0.0085862 
 1.22E-6    0.016115  
 1.24E-6   -0.017385  
 1.26E-6   -0.044465  
 1.28E-6    0.32117   
 1.3E-6     0.65924   
 1.32E-6    0.83387   
 1.34E-6    0.88205   
 1.36E-6    0.95355   
 1.38E-6    0.97842   
 1.4E-6     0.9899    
 1.42E-6    0.99676   
 1.44E-6    0.99735   
 1.46E-6    0.99905   
 1.48E-6    0.99936   
 1.5E-6     0.9996    
 1.52E-6    0.99977   
 1.54E-6    0.99977   
 1.56E-6    0.99982   
 1.58E-6    0.99982   
 1.6E-6     0.99982   
 1.62E-6    0.99984   
 1.64E-6    0.99984   
 1.66E-6    0.99964   
 1.68E-6    1.        
 1.7E-6     1.0011    
 1.72E-6    0.99477   
 1.74E-6    0.994     
 1.76E-6    1.0471    
 1.78E-6    0.91263   
 1.8E-6     0.408     
 1.82E-6    0.056821  
 1.84E-6    0.044466  
 1.86E-6    0.026373  
 1.88E-6    0.012589  
 1.9E-6     0.017024  
 1.92E-6    0.0088707 
 1.94E-6    0.0094707 
 1.96E-6    0.0085161 
 1.98E-6    0.0080689 
 2.E-6      0.0082703 
Gnucap   System status
iterations: op=0, dc=0, tran=924, fourier=0, total=1025
transient timesteps: accepted=101, rejected=0, total=101
nodes: user=18, subckt=0, model=0, total=18
dctran density=35.2%, ac density=35.2%
