*Sample netlist for BSIM6 
.GEOMOD =0
 ^ ? nmosHACK: bad parameter GEOMOD ignored
.RGEOMOD =0
 ^ ? nmosHACK: bad parameter RGEOMOD ignored
.sca= 0
 ^ ? nmosHACK: bad parameter sca ignored
.scb= 0
 ^ ? nmosHACK: bad parameter scb ignored
.scc= 0
 ^ ? nmosHACK: bad parameter scc ignored
.sc= 0
 ^ ? nmosHACK: bad parameter sc ignored
.GEOMOD  = 0
 ^ ? pmosHACK: bad parameter GEOMOD ignored
.RGEOMOD = 0
 ^ ? pmosHACK: bad parameter RGEOMOD ignored
.RGATEMOD= 0
 ^ ? pmosHACK: bad parameter RGATEMOD ignored
.RBODYMOD= 0
 ^ ? pmosHACK: bad parameter RBODYMOD ignored
.TNOIA   = 0
 ^ ? pmosHACK: bad parameter TNOIA ignored
.TNOIB   = 0
 ^ ? pmosHACK: bad parameter TNOIB ignored
.TNOIC   = 0
 ^ ? pmosHACK: bad parameter TNOIC ignored
.RNOIA   = 0.577
 ^ ? pmosHACK: bad parameter RNOIA ignored
.RNOIB   = 0.5164
 ^ ? pmosHACK: bad parameter RNOIB ignored
.RNOIC   = 0.395
 ^ ? pmosHACK: bad parameter RNOIC ignored
.XGW     = 0
 ^ ? pmosHACK: bad parameter XGW ignored
.XGL     = 0
 ^ ? pmosHACK: bad parameter XGL ignored
.GBMIN   = 1E-012
 ^ ? pmosHACK: bad parameter GBMIN ignored
.RSHG    = 0.1
 ^ ? pmosHACK: bad parameter RSHG ignored
.RBPB    = 50
 ^ ? pmosHACK: bad parameter RBPB ignored
.RBPD    = 50
 ^ ? pmosHACK: bad parameter RBPD ignored
.RBPS    = 50
 ^ ? pmosHACK: bad parameter RBPS ignored
.RBDB    = 50
 ^ ? pmosHACK: bad parameter RBDB ignored
.RBSB    = 50
 ^ ? pmosHACK: bad parameter RBSB ignored
.RBPS0   = 50
 ^ ? pmosHACK: bad parameter RBPS0 ignored
.RBPSL   = 0
 ^ ? pmosHACK: bad parameter RBPSL ignored
.RBPSW   = 0
 ^ ? pmosHACK: bad parameter RBPSW ignored
.RBPSNF  = 0
 ^ ? pmosHACK: bad parameter RBPSNF ignored
.RBPD0   = 50
 ^ ? pmosHACK: bad parameter RBPD0 ignored
.RBPDL   = 0
 ^ ? pmosHACK: bad parameter RBPDL ignored
.RBPDW   = 0
 ^ ? pmosHACK: bad parameter RBPDW ignored
.RBPDNF  = 0
 ^ ? pmosHACK: bad parameter RBPDNF ignored
.RBPBX0  = 100
 ^ ? pmosHACK: bad parameter RBPBX0 ignored
.RBPBXL  = 0
 ^ ? pmosHACK: bad parameter RBPBXL ignored
.RBPBXW  = 0
 ^ ? pmosHACK: bad parameter RBPBXW ignored
.RBPBXNF = 0
 ^ ? pmosHACK: bad parameter RBPBXNF ignored
.RBPBY0  = 100
 ^ ? pmosHACK: bad parameter RBPBY0 ignored
.RBPBYL  = 0
 ^ ? pmosHACK: bad parameter RBPBYL ignored
.RBPBYW  = 0
 ^ ? pmosHACK: bad parameter RBPBYW ignored
.RBPBYNF = 0
 ^ ? pmosHACK: bad parameter RBPBYNF ignored
.RBSBX0  = 100
 ^ ? pmosHACK: bad parameter RBSBX0 ignored
.RBSBY0  = 100
 ^ ? pmosHACK: bad parameter RBSBY0 ignored
.RBDBX0  = 100
 ^ ? pmosHACK: bad parameter RBDBX0 ignored
.RBDBY0  = 100
 ^ ? pmosHACK: bad parameter RBDBY0 ignored
.RBSDBXL = 0
 ^ ? pmosHACK: bad parameter RBSDBXL ignored
.RBSDBXW = 0
 ^ ? pmosHACK: bad parameter RBSDBXW ignored
.RBSDBXNF= 0
 ^ ? pmosHACK: bad parameter RBSDBXNF ignored
.RBSDBYL = 0
 ^ ? pmosHACK: bad parameter RBSDBYL ignored
.RBSDBYW = 0
 ^ ? pmosHACK: bad parameter RBSDBYW ignored
.RBSDBYNF= 0
 ^ ? pmosHACK: bad parameter RBSDBYNF ignored
.XRCRG1  = 12
 ^ ? pmosHACK: bad parameter XRCRG1 ignored
.XRCRG2  = 1
 ^ ? pmosHACK: bad parameter XRCRG2 ignored
.NGCON   = 1
 ^ ? pmosHACK: bad parameter NGCON ignored
.VFBSDOFF= 0
 ^ ? pmosHACK: bad parameter VFBSDOFF ignored
.SCA     = 0
 ^ ? pmosHACK: bad parameter SCA ignored
.SCB     = 0
 ^ ? pmosHACK: bad parameter SCB ignored
.SCC     = 0
 ^ ? pmosHACK: bad parameter SCC ignored
.SC      = 0
 ^ ? pmosHACK: bad parameter SC ignored
.SA      = 0
 ^ ? pmosHACK: bad parameter SA ignored
.SB      = 0
 ^ ? pmosHACK: bad parameter SB ignored
.SD      = 0
 ^ ? pmosHACK: bad parameter SD ignored
#Time       v(vi)      v(vo)      hidden(0)  iter(0)   
 0.         0.5        0.0080557  1.         13.       
 1.n        0.50314    0.0081231  100.       400.      
 2.n        0.50628    0.0081092  100.       360.      
 3.n        0.50942    0.0080765  100.       313.      
 4.n        0.51257    0.0080456  100.       400.      
 5.n        0.51571    0.0080222  100.       400.      
 6.n        0.51885    0.0080069  100.       400.      
 7.n        0.52198    0.0079985  100.       400.      
 8.n        0.52512    0.0079956  87.        348.      
 9.n        0.52826    0.0079969  92.        313.      
 10.n       0.5314     0.0080011  79.        247.      
