====== built in cccs ====================== 
#          
rb1: short circuit

--- aa -------
 1.p  0.  33.3Meg -33.3Meg 
 0.  1.p -33.3Meg  33.3Meg 
 0.  0.  100.K -100.K 
 0.  0. -100.K  100.K 
--- i ----
 0.,  0.,  0.,  0., 
-----
open circuit: internal node 4
 0.        
====== adms cccs ====================== 
#          
f1.i_cp_cn: short circuit

--- aa -------
 1.p  0.  33.3Meg -33.3Meg 
 0.  1.p -33.3Meg  33.3Meg 
 0.  0.  100.K -100.K 
 0.  0. -100.K  100.K 
--- i ----
 0.,  0.,  0.,  0., 
-----
open circuit: internal node 4

--- aa -------
 1.p  0.  33.3Meg -33.3Meg 
 0.  1.p -33.3Meg  33.3Meg 
 0.  0.  100.K -100.K 
 0.  0. -100.K  100.K 
--- i ----
 0.,  0.,  0.,  0., 
-----

--- aa -------
 1.p  0.  33.3Meg -33.3Meg 
 0.  1.p -33.3Meg  33.3Meg 
 0.  0.  100.K -100.K 
 0.  0. -100.K  100.K 
--- i ----
 0.,  0.,  0.,  0., 
-----
 0.        
