#           v(ninn1)   v(ninp1)   v(noutn1)  v(noutp1) 
rb1: short circuit
open circuit: internal node 2
open circuit: internal node 4
 0.         0.         0.         0.         0.        
#           v(ninn1)   v(ninp1)   v(noutn1)  v(noutp1) 
f1.i_cp_cn: short circuit
open circuit: internal node 3
open circuit: internal node 5
 0.         0.         0.         0.         0.        
