====== built in ccvs ====================== 
#          
rb1: short circuit

--- aa -------
 100.K -100.K -3.33E+12  3.33E+12 
-100.K  100.K  3.33E+12 -3.33E+12 
 0.  0.  100.K -100.K 
 0.  0. -100.K  100.K 
--- i ----
 0.,  0.,  0.,  0., 
-----
open circuit: internal node 2
open circuit: internal node 4
 0.        
====== adms ccvs ====================== 
#          
f1.i_cp_cn: short circuit

--- aa -------
 1.p -1.  1. -33.3K  33.3K 
-1.  1.p  0.  0.  0. 
 1.  0.  1.p  0.  0. 
 0.  0.  0.  100.K -100.K 
 0.  0.  0. -100.K  100.K 
--- i ----
 0.,  0.,  0.,  0.,  0., 
-----
open circuit: internal node 3
open circuit: internal node 5

--- aa -------
 1.p -1.  1. -33.3K  33.3K 
-1.  1.p  0.  0.  0. 
 1.  0.  1.p  0.  0. 
 0.  0.  0.  100.K -100.K 
 0.  0.  0. -100.K  100.K 
--- i ----
 0.,  0.,  0.,  0.,  0., 
-----
 0.        
