====== built in ccvs ====================== 
#          

--- aa -------
 1.p  0. 
 0.  1.p 
--- i ----
 1.7, -1.7, 
-----

--- aa -------
 1.p  0. 
 0.  1.p 
--- i ----
 1.7, -1.7, 
-----
 0.        
====== adms ccvs ====================== 
#          

--- aa -------
 1.p  0. 
 0.  1.p 
--- i ----
 1.7, -1.7, 
-----

--- aa -------
 1.p  0. 
 0.  1.p 
--- i ----
 1.7, -1.7, 
-----
 0.        
