dc dm 
#          

--- aa -------
 200.u 
--- i ----
 0., 
-----

--- aa -------
 200.u 
--- i ----
 0., 
-----
 0.        
dc dm done 
#           v(n1)      v(C1)      dv(n1)     ddv(n1)    i(C1)     
 ======================== 
_i (  100.K) 
solved w/ht
i (  100.K) 
v0 = (  1.) 
==========G===========
 200.u 
==========C===========
 0.001 
=========RHS==========
 0.
======================
RS2 ( -200.u  0.) 
 A row 0 (  0.001  0. ) 
 A row 1 (  200.u  0.001 ) 
X (  0.) 
after dgels  RS2( -0.2  0.04) 
RS (  200.u) 
 0.         1.         1.        -0.2       -0.19996    0.        
