.model myrc rc ( r=200k c=3n)
V1 ( nin 0 ) pulse iv= 1. pv= 0. delay=NA( 0.) rise= 200.u fall=NA( 0.) width=NA( Inf) period=NA( Inf)
rc1 ( nin nout1 0 ) myrc
name   ...
have 2 nodes. model: 0 sckt: 0 adp 0

nin      nin matrix_number 2, user_number 1 nm[t]  vdc  0.
nout1    nout1 matrix_number 1, user_number 2 nm[t]  vdc  0.
-rc1
-rc1.c1
-rc1.r1
#           v(nin)     v(nout1)  
 0.         0.         0.        
-1.         1.         1.        
-2.         1.         1.        
-3.         1.         1.        
 0.         1.         1.        
#Time       v(nin)     v(nout1)   hidden(0) 
 0.         1.         1.         0.        
 500.n      0.9975     1.         0.        
 1.u        0.995      0.999~     0.        
 1.5u       0.9925     0.999~     0.        
 2.u        0.99       0.999~     0.        
 2.5u       0.9875     0.999~     0.        
 50.u       0.75       0.989~     0.        
 100.u      0.5        0.960~     0.        
 150.u      0.25       0.913~     0.        
 200.u      42.5~p     0.850~     0.        
 250.u      39.1~p     0.782~     0.        
 300.u      36.0~p     0.720~     0.        
 350.u      33.1~p     0.662~     0.        
 400.u      30.4~p     0.609~     0.        
 450.u      28.0~p     0.560~     0.        
 500.u      25.7~p     0.515~     0.        
 550.u      23.7~p     0.474~     0.        
 600.u      21.8~p     0.436~     0.        
 650.u      20.0~p     0.401~     0.        
 700.u      18.4~p     0.369~     0.        
 750.u      17.0~p     0.340~     0.        
 800.u      15.6~p     0.312~     0.        
 850.u      14.3~p     0.287~     0.        
 900.u      13.2~p     0.264~     0.        
 950.u      12.1~p     0.243~     0.        
 0.001      11.2~p     0.224~     0.        
v1= 0.51~  
Gnucap   System status
iterations: op=0, dc=4, tran=99, fourier=0, total=129
transient timesteps: accepted=26, rejected=0, total=26
nodes: user=2, subckt=0, model=0, total=2
dctran density=100.0%, ac density=100.0%
