.print tran v(v ...   T(Xsensor1.DR2) v(Xsensor1.DR2.t1) 
                                        ^ ? no match
#Time       v(v_pin)   v(output)  gmin(0)    damp(0)    control(0) v(ia1+)    v(ia1-)    T(Xsensor1.DR2)
 0.         100.E-6    2.0328     ??         1.         1.         1.1953     1.1953     378.9     
 0.01       0.01005    1.7673     ??         1.         1.         1.172      1.172      366.76    
 0.02       0.02       1.1538     ??         1.         1.         1.1182     1.1182     341.08    
 0.03       0.02       0.6599     ??         1.         1.         1.0749     1.0749     322.5     
 0.04       0.02       0.40183    ??         1.         1.         1.0522     1.0522     313.45    
 0.05       0.02       0.27149    ??         1.         1.         1.0408     1.0408     309.03    
 0.06       0.02       0.20674    ??         1.         1.         1.0351     1.0351     306.87    
 0.07       0.02       0.17491    ??         1.         1.         1.0323     1.0323     305.82    
 0.08       0.02       0.15932    ??         1.         1.         1.031      1.031      305.31    
vout= 0.401832560208344
.mstat 
 ^ ? mstat: no match
Gnucap   System status
iterations: op=0, dc=467, tran=211, fourier=0, total=738
transient timesteps: accepted=42, rejected=8, total=50
nodes: user=10, subckt=5, model=3, total=18
dctran density=69.1%, ac density=69.1%
