====== built in vccs ====================== 
#          

--- aa -------
 1.p  0.  0.  0. 
 0.  1.p  0.  0. 
 0.333 -0.333  1.p  0. 
-0.333  0.333  0.  1.p 
--- i ----
 0.,  0.,  0.,  0., 
-----
 0.        
====== adms vccs ====================== 
#          

--- aa -------
 1.p  0.  0.  0. 
 0.  1.p  0.  0. 
 0.333 -0.333  1.p  0. 
-0.333  0.333  0.  1.p 
--- i ----
 0.,  0.,  0.,  0., 
-----

--- aa -------
 1.p  0.  0.  0. 
 0.  1.p  0.  0. 
 0.333 -0.333  1.p  0. 
-0.333  0.333  0.  1.p 
--- i ----
 0.,  0.,  0.,  0., 
-----
 0.        
