#           v(nd)      v(nin)     v(nn)      v(nn2)     v(np)      v(np2)     i(r1)     
 0.         0.         0.         0.         0.         0.         0.         0.        
-1.         0.         2.         100.p      100.p     -10.       -10.       -10.       
-2.         0.         2.         100.p      100.p     -10.       -10.       -10.       
 0.         0.         2.         100.p      100.p     -10.       -10.       -10.       
#Time       v(nd)      v(nin)     v(nn)      v(nn2)     v(np)      v(np2)     i(r1)     
 0.         0.         2.         100.p      100.p     -10.       -10.       -10.       
 1.         0.         2.         100.p      100.p     -10.       -10.       -10.       
