v1 ( nreal ngnd ) vavs
r0 ( 0 ngnd )  1.
name   ...
have 3 nodes. model: 1 sckt: 0

ngnd     ngnd matrix_number 2, user_number 2 nm[t]  vdc 
nreal    nreal matrix_number 3, user_number 1 nm[t]  vdc 
-v1
v1.v_p_n.br v1.v_p_n.br matrix_number 3, user_number 1 nm[t]  vdc 
.dc trace=i dm 
            ^ ? what's this?
#           v(ngnd)    v(nreal)   i(v1)     
 0.         0.         0.         ??        
-1.        -610.28u    4.9994     ??        
-2.        -610.28u    4.9994     ??        
 0.        -610.28u    4.9994     ??        
#Time       v(ngnd)    v(nreal)   i(v1)     
 0.        -610.28u    4.9994     ??        
 1.        -610.28u    4.9994     ??        
